
> frontend@0.0.0 electron:dev
> concurrently -k "npm run dev" "npm run electron"

[0] 
[0] > frontend@0.0.0 dev
[0] > vite
[0] 
[1] 
[1] > frontend@0.0.0 electron
[1] > wait-on tcp:5173 && NODE_ENV=development electron . --no-sandbox
[1] 
[0] 
[0]   VITE v8.2.0  ready in 417 ms
[0] 
[0]   ➜  Local:   http://localhost:5173/
[0]   ➜  Network: use --host to expose
[1] (node:452725) electron: Failed to load URL: https://www.google.com/ with error: ERR_BLOCKED_BY_RESPONSE
[1] (Use `electron --trace-warnings ...` to show where the warning was created)
[1] /code/ATLAS/apps/desktop/node_modules/electron/dist/electron exited with signal SIGINT
[0] npm run dev exited with code SIGINT
--> Sending SIGTERM to other processes..
[1] npm run electron exited with code SIGINT
